hi
50 - 100 - 10
rm cpp-consts.vgtrace
var trace = {
  "code": "// From the test suite of https://github.com/codespecs/daikon\n//   daikon/tests/kvasir-tests/\n\n#include <iostream>\n\nusing namespace std;\n\nstatic const int static_const = 100;\nconst int global_const = 50;\n\nclass A {\npublic:\n  A() {}\n\n  int getInt() { return static_const_member;}\n  static const int static_const_member = 10;\n};\n\nint main(int argc, char** argv) {\n  cout << \"hi\" << endl;\n  A a;\n  cout << global_const << \" - \" << static_const << \" - \" << a.getInt() << endl;\n  return 0;\n}\n", 
  "trace": [
    {
      "event": "step_line", 
      "func_name": "_GLOBAL__sub_I_main", 
      "globals": {
        "global_const": [
          "C_DATA", 
          "0x400A40", 
          "int", 
          50
        ], 
        "static_const": [
          "C_DATA", 
          "0x400A3C", 
          "int", 
          100
        ]
      }, 
      "heap": {}, 
      "line": 24, 
      "ordered_globals": [
        "static_const", 
        "global_const"
      ], 
      "stack_to_render": [
        {
          "encoded_locals": {}, 
          "frame_id": "0x2", 
          "func_name": "__libc_csu_init", 
          "is_highlighted": false, 
          "is_parent": false, 
          "is_zombie": false, 
          "ordered_varnames": [], 
          "parent_frame_id_list": [], 
          "unique_hash": "__libc_csu_init_0x2"
        }, 
        {
          "encoded_locals": {}, 
          "frame_id": "0xFFEFFFE00", 
          "func_name": "_GLOBAL__sub_I_main", 
          "is_highlighted": true, 
          "is_parent": false, 
          "is_zombie": false, 
          "ordered_varnames": [], 
          "parent_frame_id_list": [], 
          "unique_hash": "_GLOBAL__sub_I_main_0xFFEFFFE00"
        }
      ], 
      "stdout": ""
    }, 
    {
      "event": "call", 
      "func_name": "__static_initialization_and_destruction_0(int, int)", 
      "globals": {
        "global_const": [
          "C_DATA", 
          "0x400A40", 
          "int", 
          50
        ], 
        "static_const": [
          "C_DATA", 
          "0x400A3C", 
          "int", 
          100
        ]
      }, 
      "heap": {}, 
      "line": 24, 
      "ordered_globals": [
        "static_const", 
        "global_const"
      ], 
      "stack_to_render": [
        {
          "encoded_locals": {}, 
          "frame_id": "0x2", 
          "func_name": "__libc_csu_init", 
          "is_highlighted": false, 
          "is_parent": false, 
          "is_zombie": false, 
          "ordered_varnames": [], 
          "parent_frame_id_list": [], 
          "unique_hash": "__libc_csu_init_0x2"
        }, 
        {
          "encoded_locals": {}, 
          "frame_id": "0xFFEFFFE00", 
          "func_name": "_GLOBAL__sub_I_main", 
          "is_highlighted": false, 
          "is_parent": false, 
          "is_zombie": false, 
          "ordered_varnames": [], 
          "parent_frame_id_list": [], 
          "unique_hash": "_GLOBAL__sub_I_main_0xFFEFFFE00"
        }, 
        {
          "encoded_locals": {
            "__initialize_p": [
              "C_DATA", 
              "0xFFEFFFDEC", 
              "int", 
              "<UNINITIALIZED>"
            ], 
            "__priority": [
              "C_DATA", 
              "0xFFEFFFDE8", 
              "int", 
              "<UNINITIALIZED>"
            ]
          }, 
          "frame_id": "0xFFEFFFDF0", 
          "func_name": "__static_initialization_and_destruction_0(int, int)", 
          "is_highlighted": true, 
          "is_parent": false, 
          "is_zombie": false, 
          "ordered_varnames": [
            "__initialize_p", 
            "__priority"
          ], 
          "parent_frame_id_list": [], 
          "unique_hash": "__static_initialization_and_destruction_0(int, int)_0xFFEFFFDF0"
        }
      ], 
      "stdout": ""
    }, 
    {
      "event": "step_line", 
      "func_name": "__static_initialization_and_destruction_0(int, int)", 
      "globals": {
        "global_const": [
          "C_DATA", 
          "0x400A40", 
          "int", 
          50
        ], 
        "static_const": [
          "C_DATA", 
          "0x400A3C", 
          "int", 
          100
        ]
      }, 
      "heap": {}, 
      "line": 24, 
      "ordered_globals": [
        "static_const", 
        "global_const"
      ], 
      "stack_to_render": [
        {
          "encoded_locals": {}, 
          "frame_id": "0x2", 
          "func_name": "__libc_csu_init", 
          "is_highlighted": false, 
          "is_parent": false, 
          "is_zombie": false, 
          "ordered_varnames": [], 
          "parent_frame_id_list": [], 
          "unique_hash": "__libc_csu_init_0x2"
        }, 
        {
          "encoded_locals": {}, 
          "frame_id": "0xFFEFFFE00", 
          "func_name": "_GLOBAL__sub_I_main", 
          "is_highlighted": false, 
          "is_parent": false, 
          "is_zombie": false, 
          "ordered_varnames": [], 
          "parent_frame_id_list": [], 
          "unique_hash": "_GLOBAL__sub_I_main_0xFFEFFFE00"
        }, 
        {
          "encoded_locals": {
            "__initialize_p": [
              "C_DATA", 
              "0xFFEFFFDEC", 
              "int", 
              1
            ], 
            "__priority": [
              "C_DATA", 
              "0xFFEFFFDE8", 
              "int", 
              "<UNINITIALIZED>"
            ]
          }, 
          "frame_id": "0xFFEFFFDF0", 
          "func_name": "__static_initialization_and_destruction_0(int, int)", 
          "is_highlighted": true, 
          "is_parent": false, 
          "is_zombie": false, 
          "ordered_varnames": [
            "__initialize_p", 
            "__priority"
          ], 
          "parent_frame_id_list": [], 
          "unique_hash": "__static_initialization_and_destruction_0(int, int)_0xFFEFFFDF0"
        }
      ], 
      "stdout": ""
    }, 
    {
      "event": "return", 
      "func_name": "__static_initialization_and_destruction_0(int, int)", 
      "globals": {
        "global_const": [
          "C_DATA", 
          "0x400A40", 
          "int", 
          50
        ], 
        "static_const": [
          "C_DATA", 
          "0x400A3C", 
          "int", 
          100
        ]
      }, 
      "heap": {}, 
      "line": 24, 
      "ordered_globals": [
        "static_const", 
        "global_const"
      ], 
      "stack_to_render": [
        {
          "encoded_locals": {}, 
          "frame_id": "0x2", 
          "func_name": "__libc_csu_init", 
          "is_highlighted": false, 
          "is_parent": false, 
          "is_zombie": false, 
          "ordered_varnames": [], 
          "parent_frame_id_list": [], 
          "unique_hash": "__libc_csu_init_0x2"
        }, 
        {
          "encoded_locals": {}, 
          "frame_id": "0xFFEFFFE00", 
          "func_name": "_GLOBAL__sub_I_main", 
          "is_highlighted": false, 
          "is_parent": false, 
          "is_zombie": false, 
          "ordered_varnames": [], 
          "parent_frame_id_list": [], 
          "unique_hash": "_GLOBAL__sub_I_main_0xFFEFFFE00"
        }, 
        {
          "encoded_locals": {
            "__initialize_p": [
              "C_DATA", 
              "0xFFEFFFDEC", 
              "int", 
              1
            ], 
            "__priority": [
              "C_DATA", 
              "0xFFEFFFDE8", 
              "int", 
              65535
            ]
          }, 
          "frame_id": "0xFFEFFFDF0", 
          "func_name": "__static_initialization_and_destruction_0(int, int)", 
          "is_highlighted": true, 
          "is_parent": false, 
          "is_zombie": false, 
          "ordered_varnames": [
            "__initialize_p", 
            "__priority"
          ], 
          "parent_frame_id_list": [], 
          "unique_hash": "__static_initialization_and_destruction_0(int, int)_0xFFEFFFDF0"
        }
      ], 
      "stdout": ""
    }, 
    {
      "event": "step_line", 
      "func_name": "_GLOBAL__sub_I_main", 
      "globals": {
        "global_const": [
          "C_DATA", 
          "0x400A40", 
          "int", 
          50
        ], 
        "static_const": [
          "C_DATA", 
          "0x400A3C", 
          "int", 
          100
        ]
      }, 
      "heap": {}, 
      "line": 24, 
      "ordered_globals": [
        "static_const", 
        "global_const"
      ], 
      "stack_to_render": [
        {
          "encoded_locals": {}, 
          "frame_id": "0x2", 
          "func_name": "__libc_csu_init", 
          "is_highlighted": false, 
          "is_parent": false, 
          "is_zombie": false, 
          "ordered_varnames": [], 
          "parent_frame_id_list": [], 
          "unique_hash": "__libc_csu_init_0x2"
        }, 
        {
          "encoded_locals": {}, 
          "frame_id": "0xFFEFFFE00", 
          "func_name": "_GLOBAL__sub_I_main", 
          "is_highlighted": true, 
          "is_parent": false, 
          "is_zombie": false, 
          "ordered_varnames": [], 
          "parent_frame_id_list": [], 
          "unique_hash": "_GLOBAL__sub_I_main_0xFFEFFFE00"
        }
      ], 
      "stdout": ""
    }, 
    {
      "event": "step_line", 
      "func_name": "main", 
      "globals": {
        "global_const": [
          "C_DATA", 
          "0x400A40", 
          "int", 
          50
        ], 
        "static_const": [
          "C_DATA", 
          "0x400A3C", 
          "int", 
          100
        ]
      }, 
      "heap": {}, 
      "line": 19, 
      "ordered_globals": [
        "static_const", 
        "global_const"
      ], 
      "stack_to_render": [
        {
          "encoded_locals": {
            "argc": [
              "C_DATA", 
              "0xFFEFFFE1C", 
              "int", 
              "<UNINITIALIZED>"
            ], 
            "argv": [
              "C_DATA", 
              "0xFFEFFFE10", 
              "pointer", 
              "<UNINITIALIZED>"
            ]
          }, 
          "frame_id": "0xFFEFFFE40", 
          "func_name": "main", 
          "is_highlighted": true, 
          "is_parent": false, 
          "is_zombie": false, 
          "ordered_varnames": [
            "argc", 
            "argv"
          ], 
          "parent_frame_id_list": [], 
          "unique_hash": "main_0xFFEFFFE40"
        }
      ], 
      "stdout": ""
    }, 
    {
      "event": "step_line", 
      "func_name": "main", 
      "globals": {
        "global_const": [
          "C_DATA", 
          "0x400A40", 
          "int", 
          50
        ], 
        "static_const": [
          "C_DATA", 
          "0x400A3C", 
          "int", 
          100
        ]
      }, 
      "heap": {}, 
      "line": 20, 
      "ordered_globals": [
        "static_const", 
        "global_const"
      ], 
      "stack_to_render": [
        {
          "encoded_locals": {
            "argc": [
              "C_DATA", 
              "0xFFEFFFE1C", 
              "int", 
              1
            ], 
            "argv": [
              "C_DATA", 
              "0xFFEFFFE10", 
              "pointer", 
              "0xFFEFFFF28"
            ]
          }, 
          "frame_id": "0xFFEFFFE40", 
          "func_name": "main", 
          "is_highlighted": true, 
          "is_parent": false, 
          "is_zombie": false, 
          "ordered_varnames": [
            "argc", 
            "argv"
          ], 
          "parent_frame_id_list": [], 
          "unique_hash": "main_0xFFEFFFE40"
        }
      ], 
      "stdout": ""
    }, 
    {
      "event": "step_line", 
      "func_name": "main", 
      "globals": {
        "global_const": [
          "C_DATA", 
          "0x400A40", 
          "int", 
          50
        ], 
        "static_const": [
          "C_DATA", 
          "0x400A3C", 
          "int", 
          100
        ]
      }, 
      "heap": {}, 
      "line": 21, 
      "ordered_globals": [
        "static_const", 
        "global_const"
      ], 
      "stack_to_render": [
        {
          "encoded_locals": {
            "a": [
              "C_STRUCT", 
              "0xFFEFFFE2F", 
              "A"
            ], 
            "argc": [
              "C_DATA", 
              "0xFFEFFFE1C", 
              "int", 
              1
            ], 
            "argv": [
              "C_DATA", 
              "0xFFEFFFE10", 
              "pointer", 
              "0xFFEFFFF28"
            ]
          }, 
          "frame_id": "0xFFEFFFE40", 
          "func_name": "main", 
          "is_highlighted": true, 
          "is_parent": false, 
          "is_zombie": false, 
          "ordered_varnames": [
            "a", 
            "argc", 
            "argv"
          ], 
          "parent_frame_id_list": [], 
          "unique_hash": "main_0xFFEFFFE40"
        }
      ], 
      "stdout": ""
    }, 
    {
      "event": "call", 
      "func_name": "A::A()", 
      "globals": {
        "global_const": [
          "C_DATA", 
          "0x400A40", 
          "int", 
          50
        ], 
        "static_const": [
          "C_DATA", 
          "0x400A3C", 
          "int", 
          100
        ]
      }, 
      "heap": {}, 
      "line": 13, 
      "ordered_globals": [
        "static_const", 
        "global_const"
      ], 
      "stack_to_render": [
        {
          "encoded_locals": {
            "a": [
              "C_STRUCT", 
              "0xFFEFFFE2F", 
              "A"
            ], 
            "argc": [
              "C_DATA", 
              "0xFFEFFFE1C", 
              "int", 
              1
            ], 
            "argv": [
              "C_DATA", 
              "0xFFEFFFE10", 
              "pointer", 
              "0xFFEFFFF28"
            ]
          }, 
          "frame_id": "0xFFEFFFE40", 
          "func_name": "main", 
          "is_highlighted": false, 
          "is_parent": false, 
          "is_zombie": false, 
          "ordered_varnames": [
            "a", 
            "argc", 
            "argv"
          ], 
          "parent_frame_id_list": [], 
          "unique_hash": "main_0xFFEFFFE40"
        }, 
        {
          "encoded_locals": {}, 
          "frame_id": "0xFFEFFFE00", 
          "func_name": "A::A()", 
          "is_highlighted": true, 
          "is_parent": false, 
          "is_zombie": false, 
          "ordered_varnames": [], 
          "parent_frame_id_list": [], 
          "unique_hash": "A::A()_0xFFEFFFE00"
        }
      ], 
      "stdout": ""
    }, 
    {
      "event": "return", 
      "func_name": "A::A()", 
      "globals": {
        "global_const": [
          "C_DATA", 
          "0x400A40", 
          "int", 
          50
        ], 
        "static_const": [
          "C_DATA", 
          "0x400A3C", 
          "int", 
          100
        ]
      }, 
      "heap": {}, 
      "line": 13, 
      "ordered_globals": [
        "static_const", 
        "global_const"
      ], 
      "stack_to_render": [
        {
          "encoded_locals": {
            "a": [
              "C_STRUCT", 
              "0xFFEFFFE2F", 
              "A"
            ], 
            "argc": [
              "C_DATA", 
              "0xFFEFFFE1C", 
              "int", 
              1
            ], 
            "argv": [
              "C_DATA", 
              "0xFFEFFFE10", 
              "pointer", 
              "0xFFEFFFF28"
            ]
          }, 
          "frame_id": "0xFFEFFFE40", 
          "func_name": "main", 
          "is_highlighted": false, 
          "is_parent": false, 
          "is_zombie": false, 
          "ordered_varnames": [
            "a", 
            "argc", 
            "argv"
          ], 
          "parent_frame_id_list": [], 
          "unique_hash": "main_0xFFEFFFE40"
        }, 
        {
          "encoded_locals": {}, 
          "frame_id": "0xFFEFFFE00", 
          "func_name": "A::A()", 
          "is_highlighted": true, 
          "is_parent": false, 
          "is_zombie": false, 
          "ordered_varnames": [], 
          "parent_frame_id_list": [], 
          "unique_hash": "A::A()_0xFFEFFFE00"
        }
      ], 
      "stdout": ""
    }, 
    {
      "event": "step_line", 
      "func_name": "main", 
      "globals": {
        "global_const": [
          "C_DATA", 
          "0x400A40", 
          "int", 
          50
        ], 
        "static_const": [
          "C_DATA", 
          "0x400A3C", 
          "int", 
          100
        ]
      }, 
      "heap": {}, 
      "line": 22, 
      "ordered_globals": [
        "static_const", 
        "global_const"
      ], 
      "stack_to_render": [
        {
          "encoded_locals": {
            "a": [
              "C_STRUCT", 
              "0xFFEFFFE2F", 
              "A"
            ], 
            "argc": [
              "C_DATA", 
              "0xFFEFFFE1C", 
              "int", 
              1
            ], 
            "argv": [
              "C_DATA", 
              "0xFFEFFFE10", 
              "pointer", 
              "0xFFEFFFF28"
            ]
          }, 
          "frame_id": "0xFFEFFFE40", 
          "func_name": "main", 
          "is_highlighted": true, 
          "is_parent": false, 
          "is_zombie": false, 
          "ordered_varnames": [
            "a", 
            "argc", 
            "argv"
          ], 
          "parent_frame_id_list": [], 
          "unique_hash": "main_0xFFEFFFE40"
        }
      ], 
      "stdout": ""
    }, 
    {
      "event": "call", 
      "func_name": "A::getInt()", 
      "globals": {
        "global_const": [
          "C_DATA", 
          "0x400A40", 
          "int", 
          50
        ], 
        "static_const": [
          "C_DATA", 
          "0x400A3C", 
          "int", 
          100
        ]
      }, 
      "heap": {}, 
      "line": 15, 
      "ordered_globals": [
        "static_const", 
        "global_const"
      ], 
      "stack_to_render": [
        {
          "encoded_locals": {
            "a": [
              "C_STRUCT", 
              "0xFFEFFFE2F", 
              "A"
            ], 
            "argc": [
              "C_DATA", 
              "0xFFEFFFE1C", 
              "int", 
              1
            ], 
            "argv": [
              "C_DATA", 
              "0xFFEFFFE10", 
              "pointer", 
              "0xFFEFFFF28"
            ]
          }, 
          "frame_id": "0xFFEFFFE40", 
          "func_name": "main", 
          "is_highlighted": false, 
          "is_parent": false, 
          "is_zombie": false, 
          "ordered_varnames": [
            "a", 
            "argc", 
            "argv"
          ], 
          "parent_frame_id_list": [], 
          "unique_hash": "main_0xFFEFFFE40"
        }, 
        {
          "encoded_locals": {
            "this": [
              "C_DATA", 
              "0xFFEFFFDF8", 
              "pointer", 
              "<UNINITIALIZED>"
            ]
          }, 
          "frame_id": "0xFFEFFFE00", 
          "func_name": "A::getInt()", 
          "is_highlighted": true, 
          "is_parent": false, 
          "is_zombie": false, 
          "ordered_varnames": [
            "this"
          ], 
          "parent_frame_id_list": [], 
          "unique_hash": "A::getInt()_0xFFEFFFE00"
        }
      ], 
      "stdout": ""
    }, 
    {
      "event": "step_line", 
      "func_name": "A::getInt()", 
      "globals": {
        "global_const": [
          "C_DATA", 
          "0x400A40", 
          "int", 
          50
        ], 
        "static_const": [
          "C_DATA", 
          "0x400A3C", 
          "int", 
          100
        ]
      }, 
      "heap": {}, 
      "line": 15, 
      "ordered_globals": [
        "static_const", 
        "global_const"
      ], 
      "stack_to_render": [
        {
          "encoded_locals": {
            "a": [
              "C_STRUCT", 
              "0xFFEFFFE2F", 
              "A"
            ], 
            "argc": [
              "C_DATA", 
              "0xFFEFFFE1C", 
              "int", 
              1
            ], 
            "argv": [
              "C_DATA", 
              "0xFFEFFFE10", 
              "pointer", 
              "0xFFEFFFF28"
            ]
          }, 
          "frame_id": "0xFFEFFFE40", 
          "func_name": "main", 
          "is_highlighted": false, 
          "is_parent": false, 
          "is_zombie": false, 
          "ordered_varnames": [
            "a", 
            "argc", 
            "argv"
          ], 
          "parent_frame_id_list": [], 
          "unique_hash": "main_0xFFEFFFE40"
        }, 
        {
          "encoded_locals": {
            "this": [
              "C_DATA", 
              "0xFFEFFFDF8", 
              "pointer", 
              "0xFFEFFFE2F"
            ]
          }, 
          "frame_id": "0xFFEFFFE00", 
          "func_name": "A::getInt()", 
          "is_highlighted": true, 
          "is_parent": false, 
          "is_zombie": false, 
          "ordered_varnames": [
            "this"
          ], 
          "parent_frame_id_list": [], 
          "unique_hash": "A::getInt()_0xFFEFFFE00"
        }
      ], 
      "stdout": ""
    }, 
    {
      "event": "return", 
      "func_name": "A::getInt()", 
      "globals": {
        "global_const": [
          "C_DATA", 
          "0x400A40", 
          "int", 
          50
        ], 
        "static_const": [
          "C_DATA", 
          "0x400A3C", 
          "int", 
          100
        ]
      }, 
      "heap": {}, 
      "line": 15, 
      "ordered_globals": [
        "static_const", 
        "global_const"
      ], 
      "stack_to_render": [
        {
          "encoded_locals": {
            "a": [
              "C_STRUCT", 
              "0xFFEFFFE2F", 
              "A"
            ], 
            "argc": [
              "C_DATA", 
              "0xFFEFFFE1C", 
              "int", 
              1
            ], 
            "argv": [
              "C_DATA", 
              "0xFFEFFFE10", 
              "pointer", 
              "0xFFEFFFF28"
            ]
          }, 
          "frame_id": "0xFFEFFFE40", 
          "func_name": "main", 
          "is_highlighted": false, 
          "is_parent": false, 
          "is_zombie": false, 
          "ordered_varnames": [
            "a", 
            "argc", 
            "argv"
          ], 
          "parent_frame_id_list": [], 
          "unique_hash": "main_0xFFEFFFE40"
        }, 
        {
          "encoded_locals": {
            "this": [
              "C_DATA", 
              "0xFFEFFFDF8", 
              "pointer", 
              "0xFFEFFFE2F"
            ]
          }, 
          "frame_id": "0xFFEFFFE00", 
          "func_name": "A::getInt()", 
          "is_highlighted": true, 
          "is_parent": false, 
          "is_zombie": false, 
          "ordered_varnames": [
            "this"
          ], 
          "parent_frame_id_list": [], 
          "unique_hash": "A::getInt()_0xFFEFFFE00"
        }
      ], 
      "stdout": ""
    }, 
    {
      "event": "step_line", 
      "func_name": "main", 
      "globals": {
        "global_const": [
          "C_DATA", 
          "0x400A40", 
          "int", 
          50
        ], 
        "static_const": [
          "C_DATA", 
          "0x400A3C", 
          "int", 
          100
        ]
      }, 
      "heap": {}, 
      "line": 22, 
      "ordered_globals": [
        "static_const", 
        "global_const"
      ], 
      "stack_to_render": [
        {
          "encoded_locals": {
            "a": [
              "C_STRUCT", 
              "0xFFEFFFE2F", 
              "A"
            ], 
            "argc": [
              "C_DATA", 
              "0xFFEFFFE1C", 
              "int", 
              1
            ], 
            "argv": [
              "C_DATA", 
              "0xFFEFFFE10", 
              "pointer", 
              "0xFFEFFFF28"
            ]
          }, 
          "frame_id": "0xFFEFFFE40", 
          "func_name": "main", 
          "is_highlighted": true, 
          "is_parent": false, 
          "is_zombie": false, 
          "ordered_varnames": [
            "a", 
            "argc", 
            "argv"
          ], 
          "parent_frame_id_list": [], 
          "unique_hash": "main_0xFFEFFFE40"
        }
      ], 
      "stdout": ""
    }, 
    {
      "event": "step_line", 
      "func_name": "main", 
      "globals": {
        "global_const": [
          "C_DATA", 
          "0x400A40", 
          "int", 
          50
        ], 
        "static_const": [
          "C_DATA", 
          "0x400A3C", 
          "int", 
          100
        ]
      }, 
      "heap": {}, 
      "line": 23, 
      "ordered_globals": [
        "static_const", 
        "global_const"
      ], 
      "stack_to_render": [
        {
          "encoded_locals": {
            "a": [
              "C_STRUCT", 
              "0xFFEFFFE2F", 
              "A"
            ], 
            "argc": [
              "C_DATA", 
              "0xFFEFFFE1C", 
              "int", 
              1
            ], 
            "argv": [
              "C_DATA", 
              "0xFFEFFFE10", 
              "pointer", 
              "0xFFEFFFF28"
            ]
          }, 
          "frame_id": "0xFFEFFFE40", 
          "func_name": "main", 
          "is_highlighted": true, 
          "is_parent": false, 
          "is_zombie": false, 
          "ordered_varnames": [
            "a", 
            "argc", 
            "argv"
          ], 
          "parent_frame_id_list": [], 
          "unique_hash": "main_0xFFEFFFE40"
        }
      ], 
      "stdout": ""
    }, 
    {
      "event": "step_line", 
      "func_name": "main", 
      "globals": {
        "global_const": [
          "C_DATA", 
          "0x400A40", 
          "int", 
          50
        ], 
        "static_const": [
          "C_DATA", 
          "0x400A3C", 
          "int", 
          100
        ]
      }, 
      "heap": {}, 
      "line": 24, 
      "ordered_globals": [
        "static_const", 
        "global_const"
      ], 
      "stack_to_render": [
        {
          "encoded_locals": {
            "a": [
              "C_STRUCT", 
              "0xFFEFFFE2F", 
              "A"
            ], 
            "argc": [
              "C_DATA", 
              "0xFFEFFFE1C", 
              "int", 
              1
            ], 
            "argv": [
              "C_DATA", 
              "0xFFEFFFE10", 
              "pointer", 
              "0xFFEFFFF28"
            ]
          }, 
          "frame_id": "0xFFEFFFE40", 
          "func_name": "main", 
          "is_highlighted": true, 
          "is_parent": false, 
          "is_zombie": false, 
          "ordered_varnames": [
            "a", 
            "argc", 
            "argv"
          ], 
          "parent_frame_id_list": [], 
          "unique_hash": "main_0xFFEFFFE40"
        }
      ], 
      "stdout": ""
    }, 
    {
      "event": "return", 
      "func_name": "main", 
      "globals": {
        "global_const": [
          "C_DATA", 
          "0x400A40", 
          "int", 
          50
        ], 
        "static_const": [
          "C_DATA", 
          "0x400A3C", 
          "int", 
          100
        ]
      }, 
      "heap": {}, 
      "line": 24, 
      "ordered_globals": [
        "static_const", 
        "global_const"
      ], 
      "stack_to_render": [
        {
          "encoded_locals": {
            "argc": [
              "C_DATA", 
              "0xFFEFFFE1C", 
              "int", 
              1
            ], 
            "argv": [
              "C_DATA", 
              "0xFFEFFFE10", 
              "pointer", 
              "0xFFEFFFF28"
            ]
          }, 
          "frame_id": "0xFFEFFFE40", 
          "func_name": "main", 
          "is_highlighted": true, 
          "is_parent": false, 
          "is_zombie": false, 
          "ordered_varnames": [
            "argc", 
            "argv"
          ], 
          "parent_frame_id_list": [], 
          "unique_hash": "main_0xFFEFFFE40"
        }
      ], 
      "stdout": ""
    }
  ]
};
