Traceback (most recent call last):
  File "/workspace/tests/vg_to_opt_trace.py", line 185, in <module>
    success = process_record(cur_record_lines)
  File "/workspace/tests/vg_to_opt_trace.py", line 56, in process_record
    x = process_json_obj(obj)
  File "/workspace/tests/vg_to_opt_trace.py", line 118, in process_json_obj
    enc_locals[local_var] = encode_value(local_val, heap)
  File "/workspace/tests/vg_to_opt_trace.py", line 142, in encode_value
    members.sort(key=lambda e: e[1]['addr'])
AttributeError: 'dict_items' object has no attribute 'sort'
